[12:26:04] [INIT] KubeJS 2101.7.2-build.368; MC 2101 NeoForge
[12:26:04] [INIT] Loaded plugins:
[12:26:04] [INIT] - dev.latvian.mods.kubejs.plugin.builtin.BuiltinKubeJSPlugin
[12:26:04] [INIT] - dev.latvian.mods.kubejs.plugin.builtin.BuiltinKubeJSClientPlugin
[12:26:04] [INIT] - dev.latvian.mods.kubejs.integration.architectury.ArchitecturyIntegration
[12:26:04] [INIT] - com.almostreliable.lootjs.kube.LootJSPlugin
[12:26:04] [INIT] - moe.wolfgirl.probejs.plugin.ProbeJSKJSPlugin
[12:26:04] [INIT] - qinomed.kubejsdelight.KubeJSDelightPlugin
[12:26:04] [INIT] - dev.latvian.mods.kubejs.create.KubeJSCreatePlugin
[12:26:04] [INIT] - dev.propulsionteam.propulsionsimulated.compat.kubejs.PropulsionKubeJSPlugin
[12:26:04] [INIT] - dev.propulsionteam.propulsionsimulated.compat.kubejs.PropulsionKubeJSPlugin
[12:26:04] [INFO] Loaded script server_scripts:campfire.js in 0.002 s
[12:26:04] [INFO] Loaded script server_scripts:flour.js in 0.001 s
[12:26:04] [INFO] Loaded script server_scripts:unlit_stove.js in 0.001 s
[12:26:04] [INFO] Loaded 3/3 KubeJS server scripts in 0.019 s with 0 errors and 0 warnings
[12:26:06] [INFO] Processing recipes...
[12:26:06] [INFO] Initializing recipe event...
[12:26:06] [WARN] RecipeComponentValue.java#102: Failed to parse recipe 'railways:crafting/palettes/windows/red_single_pane_locometal_window[minecraft:crafting_shapeless]' @ [ingredients][0]! Falling back to vanilla: Invalid component ingredients: ingredient[] - Component 'ingredient' is not allowed to be empty!
[12:26:06] [WARN] RecipeComponentValue.java#102: Failed to parse recipe 'railways:crafting/palettes/windows/green_single_pane_locometal_window[minecraft:crafting_shapeless]' @ [ingredients][0]! Falling back to vanilla: Invalid component ingredients: ingredient[] - Component 'ingredient' is not allowed to be empty!
[12:26:06] [WARN] RecipeComponentValue.java#102: Failed to parse recipe 'railways:crafting/palettes/windows/cyan_single_pane_locometal_window[minecraft:crafting_shapeless]' @ [ingredients][0]! Falling back to vanilla: Invalid component ingredients: ingredient[] - Component 'ingredient' is not allowed to be empty!
[12:26:06] [WARN] RecipeComponentValue.java#102: Failed to parse recipe 'railways:crafting/palettes/windows/yellow_single_pane_locometal_window[minecraft:crafting_shapeless]' @ [ingredients][0]! Falling back to vanilla: Invalid component ingredients: ingredient[] - Component 'ingredient' is not allowed to be empty!
[12:26:06] [WARN] RecipeComponentValue.java#102: Failed to parse recipe 'railways:crafting/palettes/windows/royal_blue_single_pane_locometal_window[minecraft:crafting_shapeless]' @ [ingredients][0]! Falling back to vanilla: Invalid component ingredients: ingredient[] - Component 'ingredient' is not allowed to be empty!
[12:26:06] [WARN] RecipeComponentValue.java#102: Failed to parse recipe 'railways:crafting/palettes/windows/chartreuse_single_pane_locometal_window[minecraft:crafting_shapeless]' @ [ingredients][0]! Falling back to vanilla: Invalid component ingredients: ingredient[] - Component 'ingredient' is not allowed to be empty!
[12:26:06] [WARN] RecipeComponentValue.java#102: Failed to parse recipe 'railways:crafting/palettes/windows/purple_single_pane_locometal_window[minecraft:crafting_shapeless]' @ [ingredients][0]! Falling back to vanilla: Invalid component ingredients: ingredient[] - Component 'ingredient' is not allowed to be empty!
[12:26:06] [WARN] RecipeComponent.java#160: Failed to read component 'category: crafting_book_category?' from recipe bountifulbaubles:ankh_charm[minecraft:crafting_shaped], falling back to default value: java.lang.IllegalStateException: Unknown element name:combat
[12:26:06] [WARN] RecipeComponentValue.java#102: Failed to parse recipe 'railways:crafting/palettes/windows/orange_single_pane_locometal_window[minecraft:crafting_shapeless]' @ [ingredients][0]! Falling back to vanilla: Invalid component ingredients: ingredient[] - Component 'ingredient' is not allowed to be empty!
[12:26:06] [WARN] RecipeComponentValue.java#102: Failed to parse recipe 'railways:crafting/palettes/windows/pink_single_pane_locometal_window[minecraft:crafting_shapeless]' @ [ingredients][0]! Falling back to vanilla: Invalid component ingredients: ingredient[] - Component 'ingredient' is not allowed to be empty!
[12:26:06] [WARN] RecipeComponentValue.java#102: Failed to parse recipe 'railways:crafting/palettes/windows/granite_single_pane_locometal_window[minecraft:crafting_shapeless]' @ [ingredients][0]! Falling back to vanilla: Invalid component ingredients: ingredient[] - Component 'ingredient' is not allowed to be empty!
[12:26:06] [WARN] RecipeComponentValue.java#102: Failed to parse recipe 'railways:crafting/palettes/windows/turquoise_single_pane_locometal_window[minecraft:crafting_shapeless]' @ [ingredients][0]! Falling back to vanilla: Invalid component ingredients: ingredient[] - Component 'ingredient' is not allowed to be empty!
[12:26:06] [WARN] RecipeComponentValue.java#102: Failed to parse recipe 'burnt:stripped_burnt_logs_recipe[minecraft:smoking]'! Falling back to vanilla: Invalid component ingredient: ingredient - Component 'ingredient' is not allowed to be empty!
[12:26:06] [WARN] RecipeComponentValue.java#102: Failed to parse recipe 'surfacesamples:crushing/glowquartz_shard[create:crushing]' @ [results][2][right]! Falling back to vanilla: Invalid component results: either<fluid_stack, create:processing_output>[] - Component 'create:processing_output' is not allowed to be empty!
[12:26:06] [WARN] RecipeComponentValue.java#102: Failed to parse recipe 'railways:crafting/palettes/windows/limestone_single_pane_locometal_window[minecraft:crafting_shapeless]' @ [ingredients][0]! Falling back to vanilla: Invalid component ingredients: ingredient[] - Component 'ingredient' is not allowed to be empty!
[12:26:06] [WARN] RecipeComponentValue.java#102: Failed to parse recipe 'railways:crafting/palettes/windows/maroon_single_pane_locometal_window[minecraft:crafting_shapeless]' @ [ingredients][0]! Falling back to vanilla: Invalid component ingredients: ingredient[] - Component 'ingredient' is not allowed to be empty!
[12:26:06] [WARN] RecipeComponentValue.java#102: Failed to parse recipe 'railways:crafting/palettes/windows/vermilion_single_pane_locometal_window[minecraft:crafting_shapeless]' @ [ingredients][0]! Falling back to vanilla: Invalid component ingredients: ingredient[] - Component 'ingredient' is not allowed to be empty!
[12:26:06] [WARN] RecipeComponentValue.java#102: Failed to parse recipe 'railways:crafting/palettes/windows/gray_single_pane_locometal_window[minecraft:crafting_shapeless]' @ [ingredients][0]! Falling back to vanilla: Invalid component ingredients: ingredient[] - Component 'ingredient' is not allowed to be empty!
[12:26:06] [WARN] RecipeComponentValue.java#102: Failed to parse recipe 'railways:crafting/palettes/windows/light_blue_single_pane_locometal_window[minecraft:crafting_shapeless]' @ [ingredients][0]! Falling back to vanilla: Invalid component ingredients: ingredient[] - Component 'ingredient' is not allowed to be empty!
[12:26:06] [WARN] RecipeComponentValue.java#102: Failed to parse recipe 'railways:crafting/palettes/windows/magenta_single_pane_locometal_window[minecraft:crafting_shapeless]' @ [ingredients][0]! Falling back to vanilla: Invalid component ingredients: ingredient[] - Component 'ingredient' is not allowed to be empty!
[12:26:06] [WARN] RecipeComponentValue.java#102: Failed to parse recipe 'railways:crafting/palettes/windows/lime_single_pane_locometal_window[minecraft:crafting_shapeless]' @ [ingredients][0]! Falling back to vanilla: Invalid component ingredients: ingredient[] - Component 'ingredient' is not allowed to be empty!
[12:26:06] [WARN] RecipeComponentValue.java#102: Failed to parse recipe 'railways:crafting/palettes/windows/light_gray_single_pane_locometal_window[minecraft:crafting_shapeless]' @ [ingredients][0]! Falling back to vanilla: Invalid component ingredients: ingredient[] - Component 'ingredient' is not allowed to be empty!
[12:26:06] [WARN] RecipeComponentValue.java#102: Failed to parse recipe 'railways:crafting/palettes/windows/blue_single_pane_locometal_window[minecraft:crafting_shapeless]' @ [ingredients][0]! Falling back to vanilla: Invalid component ingredients: ingredient[] - Component 'ingredient' is not allowed to be empty!
[12:26:06] [WARN] RecipeComponentValue.java#102: Failed to parse recipe 'burnt:burnt_planks_craft[minecraft:crafting_shapeless]' @ [ingredients][0]! Falling back to vanilla: Invalid component ingredients: ingredient[] - Component 'ingredient' is not allowed to be empty!
[12:26:06] [WARN] RecipeComponentValue.java#102: Failed to parse recipe 'burnt:burnt_wood_recipe[minecraft:smoking]'! Falling back to vanilla: Invalid component ingredient: ingredient - Component 'ingredient' is not allowed to be empty!
[12:26:06] [WARN] RecipeComponentValue.java#102: Failed to parse recipe 'railways:crafting/palettes/windows/white_single_pane_locometal_window[minecraft:crafting_shapeless]' @ [ingredients][0]! Falling back to vanilla: Invalid component ingredients: ingredient[] - Component 'ingredient' is not allowed to be empty!
[12:26:06] [WARN] RecipeComponentValue.java#102: Failed to parse recipe 'railways:crafting/palettes/windows/black_single_pane_locometal_window[minecraft:crafting_shapeless]' @ [ingredients][0]! Falling back to vanilla: Invalid component ingredients: ingredient[] - Component 'ingredient' is not allowed to be empty!
[12:26:06] [WARN] RecipeComponent.java#160: Failed to read component 'category: cooking_book_category?' from recipe rme:campfire_leather/rotten_flesh[minecraft:campfire_cooking], falling back to default value: java.lang.IllegalStateException: Unknown element name:equipment
[12:26:06] [WARN] RecipeComponentValue.java#102: Failed to parse recipe 'railways:crafting/palettes/windows/diorite_single_pane_locometal_window[minecraft:crafting_shapeless]' @ [ingredients][0]! Falling back to vanilla: Invalid component ingredients: ingredient[] - Component 'ingredient' is not allowed to be empty!
[12:26:06] [WARN] RecipeComponentValue.java#102: Failed to parse recipe 'railways:crafting/palettes/windows/ochrum_single_pane_locometal_window[minecraft:crafting_shapeless]' @ [ingredients][0]! Falling back to vanilla: Invalid component ingredients: ingredient[] - Component 'ingredient' is not allowed to be empty!
[12:26:06] [WARN] RecipeComponentValue.java#102: Failed to parse recipe 'railways:crafting/empty_paint_pitcher[minecraft:crafting_shaped]'! Falling back to vanilla: Invalid component key: pattern<optional_ingredient> - Component 'pattern<optional_ingredient>' is not allowed to be empty!
[12:26:06] [WARN] RecipeComponentValue.java#102: Failed to parse recipe 'railways:crafting/palettes/windows/scorchia_single_pane_locometal_window[minecraft:crafting_shapeless]' @ [ingredients][0]! Falling back to vanilla: Invalid component ingredients: ingredient[] - Component 'ingredient' is not allowed to be empty!
[12:26:06] [WARN] RecipeComponentValue.java#102: Failed to parse recipe 'railways:crafting/palettes/windows/tuff_single_pane_locometal_window[minecraft:crafting_shapeless]' @ [ingredients][0]! Falling back to vanilla: Invalid component ingredients: ingredient[] - Component 'ingredient' is not allowed to be empty!
[12:26:06] [WARN] RecipeComponentValue.java#102: Failed to parse recipe 'railways:crafting/palettes/windows/brown_single_pane_locometal_window[minecraft:crafting_shapeless]' @ [ingredients][0]! Falling back to vanilla: Invalid component ingredients: ingredient[] - Component 'ingredient' is not allowed to be empty!
[12:26:06] [WARN] RecipeComponentValue.java#102: Failed to parse recipe 'railways:crafting/palettes/windows/sea_green_single_pane_locometal_window[minecraft:crafting_shapeless]' @ [ingredients][0]! Falling back to vanilla: Invalid component ingredients: ingredient[] - Component 'ingredient' is not allowed to be empty!
[12:26:06] [WARN] RecipeComponentValue.java#102: Failed to parse recipe 'railways:crafting/palettes/windows/pine_green_single_pane_locometal_window[minecraft:crafting_shapeless]' @ [ingredients][0]! Falling back to vanilla: Invalid component ingredients: ingredient[] - Component 'ingredient' is not allowed to be empty!
[12:26:06] [WARN] RecipeComponentValue.java#102: Failed to parse recipe 'railways:crafting/palettes/windows/olive_green_single_pane_locometal_window[minecraft:crafting_shapeless]' @ [ingredients][0]! Falling back to vanilla: Invalid component ingredients: ingredient[] - Component 'ingredient' is not allowed to be empty!
[12:26:06] [WARN] RecipeComponentValue.java#102: Failed to parse recipe 'railways:crafting/palettes/windows/dripstone_single_pane_locometal_window[minecraft:crafting_shapeless]' @ [ingredients][0]! Falling back to vanilla: Invalid component ingredients: ingredient[] - Component 'ingredient' is not allowed to be empty!
[12:26:06] [WARN] RecipeComponentValue.java#102: Failed to parse recipe 'burnt:burnt_logs_recipe[minecraft:smoking]'! Falling back to vanilla: Invalid component ingredient: ingredient - Component 'ingredient' is not allowed to be empty!
[12:26:06] [WARN] RecipeComponentValue.java#102: Failed to parse recipe 'railways:crafting/palettes/windows/single_pane_locometal_window[minecraft:crafting_shapeless]' @ [ingredients][0]! Falling back to vanilla: Invalid component ingredients: ingredient[] - Component 'ingredient' is not allowed to be empty!
[12:26:06] [WARN] RecipeComponentValue.java#102: Failed to parse recipe 'burnt:burnt_stripped_wood_recipe[minecraft:smoking]'! Falling back to vanilla: Invalid component ingredient: ingredient - Component 'ingredient' is not allowed to be empty!
[12:26:06] [INFO] Found 6,980 recipes (skipped 1,095) in 557.4 ms
[12:26:06] [INFO] Posted recipe events in 63 ms
[12:26:06] [INFO] KubeJS modifications to recipe manager finished in 10.87 ms
[12:26:07] [INFO] Added 9 recipes, removed 18 recipes, modified 0 recipes, with 0 failed recipes taking 744 ms in total
[12:26:10] [INFO] Server resource reload complete!
